Command: explore x, e(2/10)

$summary
   E library theta       rho         mae
1  2      96     1 0.9989343 0.007542280
2  3      96     1 0.9987949 0.008233216
3  4      96     1 0.9983538 0.009192985
4  5      96     1 0.9976318 0.010530437
5  6      96     1 0.9945698 0.013059428
6  7      96     1 0.9938543 0.014586566
7  8      96     1 0.9910027 0.017681735
8  9      96     1 0.9897182 0.019903453
9 10      96     1 0.9857164 0.024248615

$co_summary
data frame with 0 columns and 0 rows

$predictions
<0 x 0 matrix>

$copredictions
<0 x 0 matrix>

$coeffs
<0 x 0 matrix>

$rc
[1] 0

$kMin
[1] 3

$kMax
[1] 11

Command: edm xmap x y, k(5)

$summary
  E library theta       rho       mae
1 2     200     1 0.5586089 0.1280151

$co_summary
data frame with 0 columns and 0 rows

$predictions
<0 x 0 matrix>

$copredictions
<0 x 0 matrix>

$coeffs
<0 x 0 matrix>

$rc
[1] 0

$kMin
[1] 5

$kMax
[1] 5

$summary
  E library theta       rho        mae
1 2     200     1 0.9445375 0.04885346

$co_summary
data frame with 0 columns and 0 rows

$predictions
<0 x 0 matrix>

$copredictions
<0 x 0 matrix>

$coeffs
<0 x 0 matrix>

$rc
[1] 0

$kMin
[1] 5

$kMax
[1] 5

Command: edm xmap x y, e(6) lib(8)

$summary
  E library theta       rho       mae
1 6       8     1 0.3362018 0.1699416

$co_summary
data frame with 0 columns and 0 rows

$predictions
<0 x 0 matrix>

$copredictions
<0 x 0 matrix>

$coeffs
<0 x 0 matrix>

$rc
[1] 0

$kMin
[1] 7

$kMax
[1] 7

$summary
  E library theta       rho       mae
1 6       8     1 0.5111569 0.1506949

$co_summary
data frame with 0 columns and 0 rows

$predictions
<0 x 0 matrix>

$copredictions
<0 x 0 matrix>

$coeffs
<0 x 0 matrix>

$rc
[1] 0

$kMin
[1] 7

$kMax
[1] 7

Command: edm explore x, k(5) crossfold(10)

$summary
  E library theta       rho         mae
1 2     180     1 0.9996731 0.003906967

$co_summary
data frame with 0 columns and 0 rows

$predictions
<0 x 0 matrix>

$copredictions
<0 x 0 matrix>

$coeffs
<0 x 0 matrix>

$rc
[1] 0

$kMin
[1] 5

$kMax
[1] 5

Command: edm explore x, theta(0.2(0.1)2.0) algorithm(smap)

$summary
   E library theta       rho         mae
1  2     100   0.2 0.9987416 0.004904409
2  2     100   0.3 0.9987434 0.004881578
3  2     100   0.4 0.9987457 0.004862272
4  2     100   0.5 0.9987483 0.004849302
5  2     100   0.6 0.9987512 0.004837163
6  2     100   0.7 0.9987544 0.004824874
7  2     100   0.8 0.9987579 0.004812884
8  2     100   0.9 0.9987615 0.004800330
9  2     100   1.0 0.9987654 0.004787660
10 2     100   1.1 0.9987695 0.004775875
11 2     100   1.2 0.9987739 0.004767086
12 2     100   1.3 0.9987785 0.004759165
13 2     100   1.4 0.9987835 0.004751216
14 2     100   1.5 0.9987888 0.004743110
15 2     100   1.6 0.9987945 0.004734449
16 2     100   1.7 0.9988005 0.004725144
17 2     100   1.8 0.9988070 0.004715485
18 2     100   1.9 0.9988140 0.004707947
19 2     100   2.0 0.9988214 0.004703259

$co_summary
data frame with 0 columns and 0 rows

$predictions
<0 x 0 matrix>

$copredictions
<0 x 0 matrix>

$coeffs
<0 x 0 matrix>

$rc
[1] 0

$kMin
[1] 4

$kMax
[1] 4

Command: edm xmap x y, theta(0.2) algorithm(smap) savesmap(beta)

$summary
  E library theta       rho       mae
1 2     200   0.2 0.6686732 0.1105215

$co_summary
data frame with 0 columns and 0 rows

$predictions
<0 x 0 matrix>

$copredictions
<0 x 0 matrix>

$coeffs
               [,1]         [,2]         [,3]
  [1,]           NA           NA           NA
  [2,]  -17.9730259   42.5500629   60.2419453
  [3,]   22.9998577 -147.7052469  173.0549636
  [4,]   -3.5352279   54.2206925   -1.6270020
  [5,] -164.0823429  146.7700625   12.5244967
  [6,]   56.0054323   31.1457764  -23.3313015
  [7,]  164.6227536  -42.8075677  -98.8400766
  [8,]   29.6712442   16.4125888   45.2802470
  [9,]  -70.6417807 -519.6370954   92.8864003
 [10,]   82.5965212  454.2632970   -2.4057750
 [11,]  -90.4943378  397.0203028    4.0296406
 [12,]   36.5759962  -20.5681783   -0.5911885
 [13,]   88.8039684  -87.7763863 -107.7469610
 [14,]  -18.2547536  247.8680052   30.5810818
 [15,]   21.1899899 -106.1661617  110.9846067
 [16,]    1.2745270   41.6923426  -18.6188961
 [17,] -149.9697532  104.2321289   42.5769635
 [18,]   55.5632534   -1.0369388  -43.5650905
 [19,]  148.7687289    2.0213488 -133.9157299
 [20,]   31.2989346   -0.4024691   49.1150406
 [21,]  -43.9627933 -129.4999427  133.3706656
 [22,]   18.4607953   62.6834519   25.3810152
 [23,] -117.8853790  122.6291846  -22.3930979
 [24,]   59.3844056  -37.4361937   -9.9862194
 [25,]  109.9875360   82.9983579  -67.4713671
 [26,]   -8.7662649  -83.7600381   23.4453659
 [27,]   -0.3911749  -46.8284935   67.9357769
 [28,]   25.2731525   36.8996225  -36.9916311
 [29,] -115.8801703   34.8381254   90.0886067
 [30,]   43.8714128   -5.1000079 -101.5684479
 [31,]  114.5787810    2.3739769 -113.7835358
 [32,]    7.2370207    7.4311608   49.8107708
 [33,]   -8.8414548 -143.9975321  108.5053154
 [34,]    2.6113627   49.7374407  -76.9513149
 [35,]  -44.1596692  144.3058788   70.5701720
 [36,]   16.5283740    9.2298074   28.4366914
 [37,]   44.2914648  -27.2752823  -74.6621639
 [38,]  -45.1126380   40.6284179   27.1111333
 [39,]  103.9687397  -88.2114383   74.6487267
 [40,] -110.4578256   38.5315227    0.8545307
 [41,]  -59.5818546   84.6199412   -0.6837597
 [42,]   25.7627666    2.2605391    1.1134016
 [43,]   57.4612973    5.7600633 -119.9359579
 [44,]  -62.8983185   -9.9796768   65.5038789
 [45,]   63.3103860 -118.8676726  106.7070139
 [46,]   14.2324280   47.3390801   39.0601341
 [47,] -155.3951852  116.5512125  -17.4416955
 [48,]   54.4658893   33.2086873  -45.6187165
 [49,]  155.4210114    8.7855460 -112.0283935
 [50,]  -15.7032313  -73.9275012   34.0160193
 [51,]   39.1403247  -84.0265865  113.9286242
 [52,]  -44.1236388   42.4446932   -0.9619564
 [53,] -103.7150109   79.5041318   20.9734846
 [54,]   48.3018854  -26.6689875  -46.8936757
 [55,]   96.8043186   39.6704639 -123.6604004
 [56,]  -38.5179204  -11.6801331   62.2493742
 [57,]   21.3720716 -130.4116269  111.4126999
 [58,]   35.0983639   59.0808003   19.7117474
 [59,] -142.6125834  122.8818878  -15.8393014
 [60,]   49.3874581   14.6804366   -9.5716403
 [61,]  143.1166129  -16.6354291  -64.1756843
 [62,]   39.1663696    1.0127984   42.9924485
 [63,]  -45.0086903  -88.0414586   52.1551874
 [64,]    1.3537384   32.0398409  -61.5373560
 [65,]  -79.3981371   87.8600275   62.6976703
 [66,]   24.5485142  -30.8695222   12.6671711
 [67,]   81.2330159   68.6868479  -33.8965965
 [68,]   -2.6276421  -69.2705171   12.5225935
 [69,]    6.1184545 -131.5858991   34.2617129
 [70,]   -4.4515716   51.2461787  -57.5215791
 [71,] -149.7950400  129.4612916  135.3767115
 [72,]   56.9312083  -22.7995207 -147.8715894
 [73,]  147.9167239   12.3118721 -101.8390345
 [74,]   39.0144915   25.2452299   44.4346198
 [75,]  -46.8239786 -164.1307214   97.3022010
 [76,]    5.6216812   56.2114757  -77.4040393
 [77,] -114.9898698  164.6032412   72.8193060
 [78,]   55.0131371   29.2255323   25.6517282
 [79,]  108.6026660  -70.6898988 -112.7637496
 [80,]   -6.4434175   84.1113959   40.5099964
 [81,]   -1.3154474  -85.2092871  112.5060541
 [82,]   21.2921026   36.0216017    3.1191426
 [83,] -113.3064432   82.4719318    4.1326354
 [84,]   42.7049298  -33.4049232  -16.3861484
 [85,]  112.1517490   30.7341601  -64.6848505
 [86,]    3.3709644   13.0762182   18.6050932
 [87,]   -3.0132879 -147.4686505   68.0048819
 [88,]   -0.2225777   55.0671721   17.8127393
 [89,]  -80.2725347  146.1011599  -22.2268997
 [90,]   28.5208513   18.3461113    5.4874825
 [91,]   80.4450315  -32.9961102 -101.5319876
 [92,]  -31.2128775   27.1777847   29.0670448
 [93,]   71.5312949 -158.6886990  103.9055344
 [94,]  -74.8934903   51.1732421   -7.1708677
 [95,] -105.3508403  160.9989587   47.2783631
 [96,]   50.1434489   47.6314275  -92.1644605
 [97,]   97.9816591  -54.3985629 -100.8942287
 [98,]  -35.4068956    0.5627369   47.4626037
 [99,]   30.9319267  -82.5577730   93.8049783
[100,]   16.4959045   35.9134703   12.9119400
[101,]  -84.4662153   79.8021673  -11.0037820
[102,]   28.3327062  -34.1274471   -5.2862595
[103,]   85.2285447   64.4498303 -193.8305423
[104,]  -28.1646804  -51.0642399   47.4230931
[105,]   70.1307511 -130.5319615  207.3342520
[106,]  -80.5223545   52.1032842  126.0001989
[107,]  -98.9971546  127.6125010  -79.9380612
[108,]   41.0923079   11.9699104 -108.2971391
[109,]   96.0469161  -16.3891245 -113.7708030
[110,]    0.4999396    7.0345912   34.5518443
[111,]  -32.0276060  -71.1736455  115.6914576
[112,]   52.2022968   24.7581342   -0.2541316
[113,]  -92.2052906   71.6138420   14.7998628
[114,]   30.4211441  -33.0813005  -33.7371858
[115,]   93.0484920   78.2663152 -116.0649033
[116,]   -1.6629959  -85.2282405   57.9805997
[117,]   11.5546983 -102.7081149  104.9948701
[118,]  -20.7827494   48.4244450    4.8037669
[119,] -120.3553480   95.8398000   -4.3660822
[120,]   51.1456654  -38.5847332   -0.9004873
[121,]  115.9189981   35.6031693 -134.1659952
[122,]   24.6597245   14.6488642   39.4288519
[123,]  -17.6728031  -71.1078769  140.0413269
[124,]  -14.7794015   27.3950824  -50.3455313
[125,]  -73.6766655   70.5290186   54.3414042
[126,]   26.0998587  -36.6080555    5.3348809
[127,]   73.9422762   89.7604976  -33.3494399
[128,]  -37.1761742 -101.9238718   12.5145347
[129,]   78.7803491 -104.2404245   33.6466560
[130,]  -74.8494965   47.7732374  -36.4545536
[131,]  -99.3464603   98.0250583   89.3615476
[132,]   40.5299740  -20.8966374 -101.4312403
[133,]   96.7649957   15.8351099 -104.4012427
[134,]  -16.7831247   13.9561563   47.2126715
[135,]   20.5038717 -145.9818117   98.6104311
[136,]   -1.6553859   50.0170215  -72.9182914
[137,] -177.9749114  146.4471016   68.3220289
[138,]   61.7036019   26.0857861   24.6734908
[139,]  178.1904993  -71.6286746  -83.0401007
[140,]   35.0507588   96.2501697   28.9577167
[141,]  -99.8997897 -128.5418522   83.4220669
[142,]  137.6764524   61.6901346   -2.0675262
[143,] -105.5334893  118.4997771    3.8120063
[144,]   50.4553460   -0.7022514   -0.9758538
[145,]   97.4341013   -7.2232001 -128.5828244
[146,]   74.0638037   12.9649210   53.3056451
[147,]  -69.8660976 -128.7632476  124.5662786
[148,]  -25.0040992   49.2876168    2.7860310
[149,]  -36.9288827  127.0104630   -5.4472195
[150,]   20.0968289    8.4087823    5.6921827
[151,]   33.3052338  -11.1581191  -76.3266475
[152,]  -72.9917638    4.7189709   26.1237957
[153,]   75.5037459  -72.8266922   76.7425868
[154,]   12.8898405   21.1825445  -10.0144688
[155,]  -40.9124428   74.9987247   34.3314062
[156,]   11.4437816  -24.2082086  -50.3857227
[157,]   42.6000245   52.2201399  -95.2013738
[158,]  -46.7522203  -50.2059483   44.6420676
[159,]  112.2200008 -104.3078315   88.6931242
[160,] -124.9928126   42.7608371   -4.2423564
[161,] -103.0588042  101.4029213   14.0772004
[162,]   43.5981628   -1.3339879  -10.4733960
[163,]   99.3940583    1.9070955 -135.2121698
[164,]  -16.3578743    0.4572812   54.8287663
[165,]   17.5531903  -88.7303344  131.7094740
[166,]    2.8230860   36.8583770   39.0713448
[167,] -137.9468621   86.8056092  -17.4457623
[168,]   49.4034959  -15.0757540  -45.6339421
[169,]  137.5980644   29.3751235  -62.8371518
[170,]   11.0194095  -22.5341778   28.9104398
[171,]  -20.7934230  -95.7086150   60.6034813
[172,]   19.2420421   40.8188240  -45.3855187
[173,]  -65.4731230   92.1739714   99.3025767
[174,]   41.3899706  -21.7142781  -98.6305849
[175,]   54.7289074   18.9886890 -123.1550377
[176,]   -6.1028667   10.3423257   53.0379209
[177,]   16.0492523  -38.1361788  118.0167131
[178,]  -14.6750000   13.7140645   76.6299928
[179,] -164.4471616   38.5865865  -91.1586713
[180,]   56.2948733  -47.9080197    7.3812845
[181,]  164.9287437  113.9786094  -79.9551708
[182,]   29.5630250 -125.7423338   25.1246903
[183,]  -71.5237119 -105.2714566   81.4835497
[184,]   85.0952052   44.5562869  -21.4354336
[185,]  -92.3834160  101.5056925   48.0756060
[186,]   39.5317905  -67.7161738  -48.4209959
[187,]   88.9807659   63.2983718 -114.9295409
[188,]  -19.6057056   23.2375587   47.4958894
[189,]   17.7725644  -96.6435137  111.4633246
[190,]    8.5129794   33.7768594    7.2157515
[191,] -141.4058463   96.9385520  -10.7801855
[192,]   50.8416780   -5.6482710    6.2239484
[193,]  141.0250609    3.8205756  -92.6348504
[194,]   21.5663578    9.0716977   20.0251661
[195,]  -28.1137083 -134.3158135   96.9886167
[196,]    8.5789062   54.0087654   11.1655499
[197,] -158.0078829  131.1147466   -7.7414951
[198,]   58.7213700  -28.4886865  -15.1275520
[199,]  156.6523957    7.0929305  -96.7083500
[200,]   30.7615823   46.1179914   45.1986659
[201,]  -54.4634628 -172.9360458   90.2010825

$rc
[1] 0

$kMin
[1] 4

$kMax
[1] 4

Command: edm xmap y x, predict(x2) direction(oneway)

$summary
  E library theta       rho        mae
1 2     200     1 0.9427227 0.04821283

$co_summary
data frame with 0 columns and 0 rows

$predictions
            [,1]
  [1,]        NA
  [2,] 0.8910367
  [3,] 0.3138077
  [4,] 0.7747208
  [5,] 0.5996678
  [6,] 0.8550858
  [7,] 0.4509168
  [8,] 0.8802760
  [9,] 0.3551598
 [10,] 0.8423352
 [11,] 0.4032675
 [12,] 0.8622202
 [13,] 0.4149826
 [14,] 0.8088463
 [15,] 0.3938442
 [16,] 0.8727068
 [17,] 0.3921477
 [18,] 0.8538428
 [19,] 0.5053833
 [20,] 0.8843619
 [21,] 0.3561502
 [22,] 0.8431344
 [23,] 0.4325014
 [24,] 0.8837458
 [25,] 0.3861882
 [26,] 0.8582778
 [27,] 0.3986861
 [28,] 0.8554636
 [29,] 0.4684213
 [30,] 0.8464496
 [31,] 0.3435643
 [32,] 0.8171112
 [33,] 0.5253323
 [34,] 0.8798858
 [35,] 0.3777143
 [36,] 0.8267925
 [37,] 0.3138596
 [38,] 0.8717806
 [39,] 0.3168172
 [40,] 0.7716843
 [41,] 0.4835850
 [42,] 0.8102211
 [43,] 0.4645612
 [44,] 0.8060150
 [45,] 0.5960081
 [46,] 0.8628891
 [47,] 0.4048344
 [48,] 0.8015547
 [49,] 0.5993651
 [50,] 0.8505293
 [51,] 0.4234745
 [52,] 0.8691243
 [53,] 0.3726914
 [54,] 0.7916358
 [55,] 0.5022546
 [56,] 0.8680003
 [57,] 0.3599911
 [58,] 0.8782717
 [59,] 0.3446397
 [60,] 0.8913706
 [61,] 0.3260795
 [62,] 0.7909816
 [63,] 0.5677653
 [64,] 0.8744106
 [65,] 0.4368618
 [66,] 0.8839471
 [67,] 0.3873399
 [68,] 0.8488293
 [69,] 0.4429965
 [70,] 0.8366870
 [71,] 0.3506676
 [72,] 0.8066953
 [73,] 0.4257000
 [74,] 0.8559053
 [75,] 0.3261652
 [76,] 0.8340116
 [77,] 0.3986374
 [78,] 0.8417218
 [79,] 0.3881913
 [80,] 0.8314921
 [81,] 0.3754956
 [82,] 0.7694849
 [83,] 0.5005267
 [84,] 0.8932864
 [85,] 0.3162193
 [86,] 0.7787091
 [87,] 0.5943132
 [88,] 0.8607902
 [89,] 0.4339794
 [90,] 0.8813370
 [91,] 0.3775166
 [92,] 0.8720434
 [93,] 0.3476271
 [94,] 0.7810513
 [95,] 0.4276018
 [96,] 0.8219974
 [97,] 0.4913773
 [98,] 0.8050325
 [99,] 0.5616301
[100,] 0.8911425
[101,] 0.3322560
[102,] 0.8345461
[103,] 0.4858879
[104,] 0.8796857
[105,] 0.3698533
[106,] 0.8114665
[107,] 0.5579208
[108,] 0.8692761
[109,] 0.3814497
[110,] 0.8283967
[111,] 0.5041780
[112,] 0.8730931
[113,] 0.3804718
[114,] 0.8114363
[115,] 0.4765920
[116,] 0.8429834
[117,] 0.4388012
[118,] 0.8849045
[119,] 0.3613197
[120,] 0.8060483
[121,] 0.5032936
[122,] 0.8749884
[123,] 0.3968315
[124,] 0.8365427
[125,] 0.4600194
[126,] 0.8821552
[127,] 0.3979962
[128,] 0.7766576
[129,] 0.6086261
[130,] 0.8599493
[131,] 0.4983008
[132,] 0.8583297
[133,] 0.3534800
[134,] 0.8170379
[135,] 0.4966282
[136,] 0.8538274
[137,] 0.5007361
[138,] 0.8862589
[139,] 0.3436562
[140,] 0.8421088
[141,] 0.4795768
[142,] 0.8825888
[143,] 0.3750404
[144,] 0.8191617
[145,] 0.4778026
[146,] 0.8807352
[147,] 0.4893899
[148,] 0.8674148
[149,] 0.3983427
[150,] 0.8574452
[151,] 0.3603852
[152,] 0.8175173
[153,] 0.3877396
[154,] 0.8705340
[155,] 0.4777694
[156,] 0.8844272
[157,] 0.3511990
[158,] 0.8200873
[159,] 0.5096412
[160,] 0.8849968
[161,] 0.3602563
[162,] 0.8139413
[163,] 0.5216624
[164,] 0.8807259
[165,] 0.3176807
[166,] 0.7807077
[167,] 0.4574205
[168,] 0.8636852
[169,] 0.4429636
[170,] 0.8677742
[171,] 0.5184875
[172,] 0.8403606
[173,] 0.5135726
[174,] 0.8923951
[175,] 0.8907043
[176,] 0.8733562
[177,] 0.4201966
[178,] 0.8084547
[179,] 0.3941524
[180,] 0.8531582
[181,] 0.4118987
[182,] 0.8061985
[183,] 0.4250508
[184,] 0.8636039
[185,] 0.4419537
[186,] 0.8706741
[187,] 0.5896968
[188,] 0.8491539
[189,] 0.4732971
[190,] 0.8851209
[191,] 0.3456711
[192,] 0.8144734
[193,] 0.4668805
[194,] 0.8817599
[195,] 0.4031010
[196,] 0.8131763
[197,] 0.3816787
[198,] 0.8463168
[199,] 0.3291224
[200,] 0.7859289
[201,] 0.4847394

$copredictions
<0 x 0 matrix>

$coeffs
<0 x 0 matrix>

$rc
[1] 0

$kMin
[1] 3

$kMax
[1] 3

Command: edm explore x, copredict(teste) copredictvar(y)

$summary
  E library theta       rho        mae
1 2     100     1 0.9989029 0.00795093

$co_summary
  E library theta       rho      mae
1 2     100     1 0.7800182 0.120683

$predictions
<0 x 0 matrix>

$copredictions
            [,1]
  [1,]        NA
  [2,] 0.4430532
  [3,] 0.7999699
  [4,] 0.6312709
  [5,] 0.8906359
  [6,] 0.3934578
  [7,] 0.7682229
  [8,] 0.6339128
  [9,] 0.8613588
 [10,] 0.3783885
 [11,] 0.7624526
 [12,] 0.6309950
 [13,] 0.6185329
 [14,] 0.6228903
 [15,] 0.8848740
 [16,] 0.3468074
 [17,] 0.7674497
 [18,] 0.6316930
 [19,] 0.8215409
 [20,] 0.7173894
 [21,] 0.8613599
 [22,] 0.3775617
 [23,] 0.7624729
 [24,] 0.6310583
 [25,] 0.6200694
 [26,] 0.7262717
 [27,] 0.8664499
 [28,] 0.3459309
 [29,] 0.7624056
 [30,] 0.6303371
 [31,] 0.4451457
 [32,] 0.8440653
 [33,] 0.6101172
 [34,] 0.8177091
 [35,] 0.8228432
 [36,] 0.5230873
 [37,] 0.8566458
 [38,] 0.5384657
 [39,] 0.8566421
 [40,] 0.5231696
 [41,] 0.8057326
 [42,] 0.6373722
 [43,] 0.8943316
 [44,] 0.3373190
 [45,] 0.7624604
 [46,] 0.6298442
 [47,] 0.5157545
 [48,] 0.8653620
 [49,] 0.4974804
 [50,] 0.8849055
 [51,] 0.3894453
 [52,] 0.8888098
 [53,] 0.3700622
 [54,] 0.8613838
 [55,] 0.4996424
 [56,] 0.8613520
 [57,] 0.4992078
 [58,] 0.7577764
 [59,] 0.8613560
 [60,] 0.4437613
 [61,] 0.8105050
 [62,] 0.6073780
 [63,] 0.8877703
 [64,] 0.4135353
 [65,] 0.7780763
 [66,] 0.6351552
 [67,] 0.8664494
 [68,] 0.3459014
 [69,] 0.7624112
 [70,] 0.6304218
 [71,] 0.4936203
 [72,] 0.8434922
 [73,] 0.6166300
 [74,] 0.7486683
 [75,] 0.8613575
 [76,] 0.3924617
 [77,] 0.7624022
 [78,] 0.6308196
 [79,] 0.6073592
 [80,] 0.7200337
 [81,] 0.8664572
 [82,] 0.4032841
 [83,] 0.8696431
 [84,] 0.5157553
 [85,] 0.8057516
 [86,] 0.6105919
 [87,] 0.8877674
 [88,] 0.3937124
 [89,] 0.7676966
 [90,] 0.6329499
 [91,] 0.8247979
 [92,] 0.4980623
 [93,] 0.8467810
 [94,] 0.5291749
 [95,] 0.8243270
 [96,] 0.6116568
 [97,] 0.8970442
 [98,] 0.3611570
 [99,] 0.7624362
[100,] 0.6300197
[101,] 0.3757785
[102,] 0.8852395
[103,] 0.4445289
[104,] 0.8706396
[105,] 0.4951525
[106,] 0.8127128
[107,] 0.7330496
[108,] 0.6267421
[109,] 0.8718626
[110,] 0.3411572
[111,] 0.7624108
[112,] 0.6300002
[113,] 0.3949132
[114,] 0.8712697
[115,] 0.4945876
[116,] 0.8849658
[117,] 0.4432525
[118,] 0.8708766
[119,] 0.4944121
[120,] 0.8197381
[121,] 0.6277292
[122,] 0.7275554
[123,] 0.8664125
[124,] 0.3461225
[125,] 0.7623800
[126,] 0.6301554
[127,] 0.3467755
[128,] 0.8664749
[129,] 0.4979043
[130,] 0.8613653
[131,] 0.4979300
[132,] 0.8111896
[133,] 0.8224532
[134,] 0.5138410
[135,] 0.8879327
[136,] 0.3610398
[137,] 0.7624133
[138,] 0.6299535
[139,] 0.4128854
[140,] 0.8861538
[141,] 0.4443581
[142,] 0.8794881
[143,] 0.4933367
[144,] 0.8173836
[145,] 0.7194459
[146,] 0.8188341
[147,] 0.8250865
[148,] 0.4032858
[149,] 0.7682221
[150,] 0.6335926
[151,] 0.8613577
[152,] 0.3742113
[153,] 0.7623224
[154,] 0.6304033
[155,] 0.4451980
[156,] 0.8847728
[157,] 0.4915152
[158,] 0.8420057
[159,] 0.6127510
[160,] 0.8182012
[161,] 0.8226965
[162,] 0.5239733
[163,] 0.8681293
[164,] 0.5158111
[165,] 0.7870811
[166,] 0.6336605
[167,] 0.8970348
[168,] 0.3760594
[169,] 0.7803562
[170,] 0.6396247
[171,] 0.8888014
[172,] 0.3157155
[173,] 0.7624648
[174,] 0.6297434
[175,] 0.5383052
[176,] 0.8859716
[177,] 0.4436244
[178,] 0.8613388
[179,] 0.5005328
[180,] 0.8229058
[181,] 0.6237444
[182,] 0.6115164
[183,] 0.8887989
[184,] 0.3341249
[185,] 0.7624462
[186,] 0.6306322
[187,] 0.4983706
[188,] 0.8796496
[189,] 0.4444478
[190,] 0.8797560
[191,] 0.4922151
[192,] 0.8207627
[193,] 0.6201612
[194,] 0.8184264
[195,] 0.8231510
[196,] 0.5165798
[197,] 0.8380976
[198,] 0.5512418
[199,] 0.8590068
[200,] 0.5091229
[201,] 0.7870875

$coeffs
<0 x 0 matrix>

$rc
[1] 0

$kMin
[1] 3

$kMax
[1] 3

$summary
  E library theta       rho       mae
1 2     100     1 0.9023455 0.3495029

$co_summary
data frame with 0 columns and 0 rows

$predictions
<0 x 0 matrix>

$copredictions
<0 x 0 matrix>

$coeffs
<0 x 0 matrix>

$rc
[1] 0

$kMin
[1] 3

$kMax
[1] 3

$summary
  E library theta       rho        mae
1 2     200     1 0.8955426 0.06844099

$co_summary
data frame with 0 columns and 0 rows

$predictions
<0 x 0 matrix>

$copredictions
<0 x 0 matrix>

$coeffs
<0 x 0 matrix>

$rc
[1] 0

$kMin
[1] 3

$kMax
[1] 3

$summary
  E library theta       rho        mae
1 2     200     1 0.8955426 0.06844099

$co_summary
  E library theta rho mae
1 2     200     1  NA  NA

$predictions
<0 x 0 matrix>

$copredictions
            [,1]
  [1,]        NA
  [2,]        NA
  [3,] 0.5373403
  [4,] 0.8481962
  [5,] 0.8364962
  [6,] 0.8045627
  [7,] 0.4562266
  [8,] 0.8521970
  [9,] 0.3947808
 [10,] 0.8413133
 [11,] 0.4244700
 [12,] 0.8748511
 [13,] 0.4242027
 [14,] 0.8740573
 [15,] 0.4291382
 [16,] 0.8750438
 [17,] 0.4228351
 [18,] 0.8715957
 [19,] 0.8578514
 [20,] 0.8241617
 [21,] 0.3947216
 [22,] 0.8411835
 [23,] 0.4553288
 [24,] 0.8705473
 [25,] 0.3250756
 [26,] 0.8717584
 [27,] 0.4234484
 [28,] 0.8734848
 [29,] 0.4390775
 [30,] 0.8309253
 [31,] 0.3972600
 [32,] 0.8509463
 [33,] 0.8611474
 [34,] 0.8442062
 [35,] 0.3905442
 [36,] 0.8054492
 [37,] 0.4808093
 [38,] 0.8425790
 [39,] 0.4750959
 [40,] 0.8487872
 [41,] 0.4917852
 [42,] 0.7414050
 [43,] 0.4373350
 [44,] 0.7470448
 [45,] 0.8277315
 [46,] 0.8050722
 [47,] 0.4236939
 [48,] 0.8376977
 [49,] 0.8504759
 [50,] 0.8042653
 [51,] 0.3847455
 [52,] 0.8782210
 [53,] 0.3899594
 [54,] 0.7900305
 [55,] 0.8096235
 [56,] 0.8393967
 [57,] 0.3926682
 [58,] 0.8582715
 [59,] 0.4688052
 [60,] 0.8582090
 [61,] 0.4731259
 [62,] 0.8632166
 [63,] 0.8214096
 [64,] 0.8335194
 [65,] 0.3855276
 [66,] 0.8673277
 [67,] 0.3250399
 [68,] 0.8198889
 [69,] 0.4559051
 [70,] 0.8554237
 [71,] 0.3892185
 [72,] 0.8552391
 [73,] 0.4529736
 [74,] 0.8778495
 [75,] 0.4703232
 [76,] 0.8450563
 [77,] 0.4247738
 [78,] 0.8737770
 [79,] 0.4231097
 [80,] 0.8165269
 [81,] 0.4212940
 [82,] 0.3677955
 [83,] 0.7957189
 [84,] 0.8235652
 [85,] 0.5372789
 [86,] 0.8448383
 [87,] 0.8502668
 [88,] 0.8049897
 [89,] 0.3858555
 [90,] 0.8723565
 [91,] 0.3907299
 [92,] 0.8613399
 [93,] 0.3965145
 [94,] 0.7860521
 [95,] 0.4436266
 [96,] 0.8727891
 [97,] 0.8544156
 [98,] 0.5810474
 [99,] 0.8593401
[100,] 0.8477309
[101,] 0.4720705
[102,] 0.8448648
[103,] 0.6748916
[104,] 0.8224597
[105,] 0.3917694
[106,] 0.8074023
[107,] 0.8615027
[108,] 0.8597146
[109,] 0.3249656
[110,] 0.8050514
[111,] 0.8567947
[112,] 0.8316680
[113,] 0.3251005
[114,] 0.7988856
[115,] 0.5421944
[116,] 0.8298194
[117,] 0.4556741
[118,] 0.8647610
[119,] 0.3937278
[120,] 0.8359399
[121,] 0.8533122
[122,] 0.8278815
[123,] 0.4230818
[124,] 0.8428016
[125,] 0.4392873
[126,] 0.8348096
[127,] 0.4230906
[128,] 0.4495753
[129,] 0.8527105
[130,] 0.8047458
[131,] 0.8574188
[132,] 0.8451222
[133,] 0.3935644
[134,] 0.8300245
[135,] 0.8543680
[136,] 0.8613932
[137,] 0.8574642
[138,] 0.8238357
[139,] 0.4699055
[140,] 0.8429054
[141,] 0.5496294
[142,] 0.8243939
[143,] 0.3912165
[144,] 0.8048715
[145,] 0.5457755
[146,] 0.8232876
[147,] 0.8572908
[148,] 0.8303891
[149,] 0.4232471
[150,] 0.8737439
[151,] 0.3909429
[152,] 0.8369201
[153,] 0.4262537
[154,] 0.8744504
[155,] 0.5495534
[156,] 0.8249206
[157,] 0.3957648
[158,] 0.8382500
[159,] 0.8571242
[160,] 0.8271450
[161,] 0.3939348
[162,] 0.8367037
[163,] 0.8600598
[164,] 0.8424965
[165,] 0.4747417
[166,] 0.8439344
[167,] 0.4452795
[168,] 0.8368111
[169,] 0.4559236
[170,] 0.8758482
[171,] 0.8589031
[172,] 0.8736364
[173,] 0.8585293
[174,] 0.8342188
[175,] 0.8265914
[176,] 0.8266049
[177,] 0.4241054
[178,] 0.8745067
[179,] 0.4292355
[180,] 0.8715660
[181,] 0.4243987
[182,] 0.8742618
[183,] 0.4527939
[184,] 0.8796961
[185,] 0.4558892
[186,] 0.8723087
[187,] 0.8352895
[188,] 0.8039579
[189,] 0.4386960
[190,] 0.8243796
[191,] 0.4694827
[192,] 0.8543727
[193,] 0.4374558
[194,] 0.8201348
[195,] 0.4233160
[196,] 0.8418395
[197,] 0.4266928
[198,] 0.8061338
[199,] 0.4657279
[200,] 0.8281381
[201,] 0.5066338

$coeffs
<0 x 0 matrix>

$rc
[1] 0

$kMin
[1] 3

$kMax
[1] 3

$summary
  E library theta       rho        mae
1 2     200     1 0.8955426 0.06844099

$co_summary
  E library theta rho mae
1 2     200     1  NA  NA

$predictions
<0 x 0 matrix>

$copredictions
            [,1]
  [1,]        NA
  [2,]        NA
  [3,] 0.4658441
  [4,] 0.8659673
  [5,] 0.4585999
  [6,] 0.8243368
  [7,] 0.4661388
  [8,] 0.8557351
  [9,] 0.4659058
 [10,] 0.8574957
 [11,] 0.4660024
 [12,] 0.8052067
 [13,] 0.4660313
 [14,] 0.8575639
 [15,] 0.4659661
 [16,] 0.8052147
 [17,] 0.4659761
 [18,] 0.8556545
 [19,] 0.4663888
 [20,] 0.8690643
 [21,] 0.4659064
 [22,] 0.8574921
 [23,] 0.4660796
 [24,] 0.8219717
 [25,] 0.4659603
 [26,] 0.8556530
 [27,] 0.4659929
 [28,] 0.8556484
 [29,] 0.4662043
 [30,] 0.7885640
 [31,] 0.4658889
 [32,] 0.8575862
 [33,] 0.4664959
 [34,] 0.8355691
 [35,] 0.4659454
 [36,] 0.8575262
 [37,] 0.4658429
 [38,] 0.8556730
 [39,] 0.4658508
 [40,] 0.8659732
 [41,] 0.4661422
 [42,] 0.8556525
 [43,] 0.4661625
 [44,] 0.8574949
 [45,] 0.4672982
 [46,] 0.8560522
 [47,] 0.4660065
 [48,] 0.8576103
 [49,] 0.4672635
 [50,] 0.8355497
 [51,] 0.4660547
 [52,] 0.7885663
 [53,] 0.4659385
 [54,] 0.8659418
 [55,] 0.4662778
 [56,] 0.8557422
 [57,] 0.4659160
 [58,] 0.8052069
 [59,] 0.4658895
 [60,] 0.8052132
 [61,] 0.4658600
 [62,] 0.8659416
 [63,] 0.4666994
 [64,] 0.8581320
 [65,] 0.4660864
 [66,] 0.8219804
 [67,] 0.4659625
 [68,] 0.8556631
 [69,] 0.4661128
 [70,] 0.8556398
 [71,] 0.4658986
 [72,] 0.8576180
 [73,] 0.4660381
 [74,] 0.8052095
 [75,] 0.4658639
 [76,] 0.8575449
 [77,] 0.4659896
 [78,] 0.8556654
 [79,] 0.4659689
 [80,] 0.8574955
 [81,] 0.4659409
 [82,] 0.8659949
 [83,] 0.4661899
 [84,] 0.8355597
 [85,] 0.4658467
 [86,] 0.8659613
 [87,] 0.4587495
 [88,] 0.8581374
 [89,] 0.4660835
 [90,] 0.7885852
 [91,] 0.4659445
 [92,] 0.8052071
 [93,] 0.4658952
 [94,] 0.8659628
 [95,] 0.4660108
 [96,] 0.8574763
 [97,] 0.4662953
 [98,] 0.8340744
 [99,] 0.4667724
[100,] 0.8473387
[101,] 0.4658686
[102,] 0.8575393
[103,] 0.4662803
[104,] 0.8557461
[105,] 0.4659310
[106,] 0.8575914
[107,] 0.4667764
[108,] 0.8355611
[109,] 0.4659552
[110,] 0.8575159
[111,] 0.4663745
[112,] 0.8557486
[113,] 0.4659525
[114,] 0.8575843
[115,] 0.4662114
[116,] 0.7885642
[117,] 0.4660987
[118,] 0.8557356
[119,] 0.4659147
[120,] 0.8576162
[121,] 0.4663261
[122,] 0.8557500
[123,] 0.4659855
[124,] 0.8574627
[125,] 0.4661697
[126,] 0.8557389
[127,] 0.4659852
[128,] 0.8659817
[129,] 0.4585858
[130,] 0.8473558
[131,] 0.4663430
[132,] 0.8557298
[133,] 0.4659056
[134,] 0.8575810
[135,] 0.4663148
[136,] 0.8219692
[137,] 0.4663613
[138,] 0.8690654
[139,] 0.4658863
[140,] 0.8575077
[141,] 0.4662534
[142,] 0.8557460
[143,] 0.4659395
[144,] 0.8575580
[145,] 0.4662277
[146,] 0.8557437
[147,] 0.4662705
[148,] 0.8557360
[149,] 0.4659908
[150,] 0.8556463
[151,] 0.4659173
[152,] 0.8575750
[153,] 0.4659590
[154,] 0.8052096
[155,] 0.4662335
[156,] 0.8557467
[157,] 0.4658984
[158,] 0.8575720
[159,] 0.4663952
[160,] 0.8690617
[161,] 0.4659129
[162,] 0.8575879
[163,] 0.4664602
[164,] 0.8355702
[165,] 0.4658509
[166,] 0.8659582
[167,] 0.4660866
[168,] 0.7885810
[169,] 0.4661101
[170,] 0.7885760
[171,] 0.4664536
[172,] 0.7886039
[173,] 0.4664445
[174,] 0.8355514
[175,] 0.8241491
[176,] 0.8265754
[177,] 0.4660412
[178,] 0.8575596
[179,] 0.4659664
[180,] 0.8556540
[181,] 0.4660244
[182,] 0.8575808
[183,] 0.4660359
[184,] 0.7885611
[185,] 0.4661070
[186,] 0.7885788
[187,] 0.4671852
[188,] 0.8355880
[189,] 0.4662259
[190,] 0.8557456
[191,] 0.4658897
[192,] 0.8575938
[193,] 0.4661770
[194,] 0.8557407
[195,] 0.4659965
[196,] 0.8575562
[197,] 0.4659446
[198,] 0.8556690
[199,] 0.4658673
[200,] 0.8659509
[201,] 0.4661880

$coeffs
<0 x 0 matrix>

$rc
[1] 0

$kMin
[1] 3

$kMax
[1] 3

Command: edm xmap l.x x, direction(oneway)

Command: edm explore x, full

Command: edm explore x, e(2 3) theta(0 1)

$summary
  E library theta       rho         mae
1 2      99     0 0.9986294 0.009534575
2 2      99     1 0.9989480 0.007767758
3 3      99     0 0.9973386 0.013261755
4 3      99     1 0.9987158 0.008920930

$co_summary
data frame with 0 columns and 0 rows

$predictions
<0 x 0 matrix>

$copredictions
<0 x 0 matrix>

$coeffs
<0 x 0 matrix>

$rc
[1] 0

$kMin
[1] 3

$kMax
[1] 4

Command: edm explore x

$summary
  E library theta       rho        mae
1 2      54     1 0.9981401 0.01091792

$co_summary
data frame with 0 columns and 0 rows

$predictions
<0 x 0 matrix>

$copredictions
<0 x 0 matrix>

$coeffs
<0 x 0 matrix>

$rc
[1] 0

$kMin
[1] 3

$kMax
[1] 3

Command: edm explore x, dt savemanifold(plugin) dtweight(1)

$summary
  E library theta       rho        mae
1 4      74     1 0.9556877 0.03060271

$co_summary
data frame with 0 columns and 0 rows

$predictions
<0 x 0 matrix>

$copredictions
<0 x 0 matrix>

$coeffs
<0 x 0 matrix>

$rc
[1] 0

$kMin
[1] 5

$kMax
[1] 5

Command: edm explore x, dt savemanifold(plugin) dtweight(1)

$summary
  E library theta       rho       mae
1 2      88     1 0.9976578 0.0123611

$co_summary
data frame with 0 columns and 0 rows

$predictions
<0 x 0 matrix>

$copredictions
<0 x 0 matrix>

$coeffs
<0 x 0 matrix>

$rc
[1] 0

$kMin
[1] 3

$kMax
[1] 3

Command: edm explore x, missingdistance(1)

$summary
  E library theta      rho        mae
1 2      88     1 0.997654 0.01236876

$co_summary
data frame with 0 columns and 0 rows

$predictions
<0 x 0 matrix>

$copredictions
<0 x 0 matrix>

$coeffs
<0 x 0 matrix>

$rc
[1] 0

$kMin
[1] 3

$kMax
[1] 3

Command: edm xmap x l.x, allowmissing

$summary
  E library theta       rho        mae
1 2     176     1 0.9080538 0.03197539

$co_summary
data frame with 0 columns and 0 rows

$predictions
<0 x 0 matrix>

$copredictions
<0 x 0 matrix>

$coeffs
<0 x 0 matrix>

$rc
[1] 0

$kMin
[1] 3

$kMax
[1] 3

$summary
  E library theta      rho        mae
1 2     174     1 0.910482 0.04037189

$co_summary
data frame with 0 columns and 0 rows

$predictions
<0 x 0 matrix>

$copredictions
<0 x 0 matrix>

$coeffs
<0 x 0 matrix>

$rc
[1] 0

$kMin
[1] 3

$kMax
[1] 3

Command: edm explore x, e(2) crossfold(2) k(-1) allowmissing

$summary
  E library theta       rho        mae
1 2      50     1 0.9653579 0.02513671

$co_summary
data frame with 0 columns and 0 rows

$predictions
<0 x 0 matrix>

$copredictions
<0 x 0 matrix>

$coeffs
<0 x 0 matrix>

$rc
[1] 0

$kMin
[1] 49

$kMax
[1] 49

Command: edm explore x, e(2) crossfold(10) k(-1) allowmissing

$summary
  E library theta       rho        mae
1 2      90     1 0.8694285 0.05714577

$co_summary
data frame with 0 columns and 0 rows

$predictions
<0 x 0 matrix>

$copredictions
<0 x 0 matrix>

$coeffs
<0 x 0 matrix>

$rc
[1] 0

$kMin
[1] 89

$kMax
[1] 89

Command: edm explore x, e(5) extra(d.y) full allowmissing

$summary
  E library theta       rho        mae
1 6     100     1 0.9526578 0.03739044

$co_summary
data frame with 0 columns and 0 rows

$predictions
<0 x 0 matrix>

$copredictions
<0 x 0 matrix>

$coeffs
<0 x 0 matrix>

$rc
[1] 0

$kMin
[1] 7

$kMax
[1] 7

